34 30
Grass Grass Grass Grass Grass Grass Grass Grass Grass Grass Grass Grass Grass Grass Grass Grass Grass Grass Grass Grass Grass Grass Grass Grass Grass Grass Grass Grass Grass Grass Grass Grass Grass Grass 
Grass Grass Grass Grass Grass Grass Grass Grass Grass Grass Grass Grass Grass Grass Grass Grass Grass Grass Grass Grass Grass Grass Grass Grass Grass Grass Grass Grass Grass Grass Grass Grass Grass Grass 
Grass Grass Grass Grass Grass Grass Grass Grass Grass Grass Grass Grass Grass Grass Grass Grass Grass Grass Grass Grass Grass Grass Grass Grass Grass Grass Grass Grass Grass Grass Grass Grass Grass Grass 
Grass Grass Grass Grass Grass Grass Grass Grass Grass Grass Grass Grass Grass Grass Grass Grass Grass Grass Grass Grass Grass Grass Grass Grass Grass Grass Grass Grass Grass Grass Grass Grass Grass Grass 
Grass Grass Grass Grass Grass Grass Grass Grass Grass Grass Grass Grass Grass Grass Grass Grass Grass Grass Grass Grass Grass Grass Grass Grass Grass Grass Grass Grass Grass Grass Grass Grass Grass Grass 
Grass Grass Grass Grass Grass Grass Grass Grass Grass Grass Grass Grass Grass Grass Grass Grass Grass Grass Grass Grass Grass Grass Grass Grass Grass Grass Grass Grass Grass Grass Grass Grass Grass Grass 
Grass Grass Grass Grass Grass Grass Grass Grass Grass Grass Grass Grass Grass Grass Grass Grass Grass Grass Grass Grass Grass Grass Grass Grass Grass Grass Grass Grass Grass Grass Grass Grass Grass Grass 
Grass Grass Grass Grass Grass Grass Grass Grass Grass Grass Grass Grass Grass Grass Grass Grass Grass Grass Grass Grass Grass Grass Grass Grass Grass Grass Grass Grass Grass Grass Grass Grass Grass Grass 
Grass Grass Grass Grass Grass Grass Grass Grass Grass Grass Grass Grass Grass Grass Grass Grass Grass Grass Grass Grass Grass Grass Grass Grass Grass Grass Grass Grass Grass Grass Grass Grass Grass Grass 
Grass Grass Grass Grass Grass Grass Grass Grass Grass Grass Grass Grass Grass Grass Grass Grass Grass Grass Grass Grass Grass Grass Grass Grass Grass Grass Grass Grass Grass Grass Grass Grass Grass Grass 
Grass Grass Grass Grass Grass Grass Grass Grass Grass Grass Grass Grass Grass Grass Grass Grass Grass Grass Grass Grass Grass Grass Grass Grass Grass Grass Grass Grass Grass Grass Grass Grass Grass Grass 
Grass Grass Grass Grass Grass Grass Grass Grass Grass Grass Grass Grass Grass Grass Grass Grass Grass Grass Grass Grass Grass Grass Grass Grass Grass Grass Grass Grass Grass Grass Grass Grass Grass Grass 
Grass Grass Grass Grass Grass Grass Grass Grass Grass Grass Grass Grass Grass Grass Grass Grass Grass Grass Grass Grass Grass Grass Grass Grass Grass Grass Grass Grass Grass Grass Grass Grass Grass Grass 
Grass Grass Grass Grass Grass Grass Grass Grass Grass Grass Grass Grass Grass Grass Grass Grass Grass Grass Grass Grass Grass Grass Grass Grass Grass Grass Grass Grass Grass Grass Grass Grass Grass Grass 
Grass Grass Grass Grass Grass Grass Grass Grass Grass Grass Grass Grass Grass Grass Grass Grass Grass Grass Grass Grass Grass Grass Grass Grass Grass Grass Grass Grass Grass Grass Grass Grass Grass Grass 
Grass Grass Grass Grass Grass Grass Grass Grass Grass Grass Grass Grass Grass Grass Grass Grass Grass Grass Grass Grass Grass Grass Grass Grass Grass Grass Grass Grass Grass Grass Grass Grass Grass Grass 
Grass Grass Grass Grass Grass Grass Grass Grass Grass Grass Grass DryGrass DryGrass DryGrass Grass Grass Grass Grass Grass Grass Grass Mud Mud Mud Grass Mud Grass Grass Grass Grass Grass Grass Grass Grass 
Grass Grass Grass Grass Grass Grass Grass Grass Grass Grass DryGrass DryGrass DryGrass DryGrass DryGrass DryGrass Grass Grass Grass Mud Mud Swamp^Reed Swamp Swamp^Reed Mud Mud Grass Grass Grass Grass Grass Grass Grass Grass 
Grass Grass Grass Grass Grass Grass Grass Grass Grass Grass Grass Grass Grass Grass DryGrass DryGrass DryGrass DryGrass Grass Grass Mud Swamp^Reed Swamp Swamp^Reed Swamp Grass Grass Grass Grass Grass Grass Grass Grass Grass 
Grass Grass Grass Grass Grass Grass Grass Grass Grass Grass Grass Grass Grass Grass Dirt Dirt DryGrass DryGrass DryGrass DryGrass Grass Grass Swamp^Reed Grass Grass Grass Grass Grass Grass Grass Grass Grass Grass Grass 
Grass Grass Grass Grass Grass Grass Grass Grass Grass Grass Grass Grass Grass Dirt Dirt Dirt Dirt Dirt Dirt Dirt DryGrass Road Grass Road Grass Grass Grass Grass Grass Grass Grass Grass Grass Grass 
Grass Grass Grass Grass Grass Grass Grass Grass Grass Grass Grass Grass Dirt Dirt Dirt Dirt Dirt Grass Grass Road Road CleanRoad Road CleanRoad Road Road Grass Grass Grass Grass Grass Grass Grass Grass 
Grass Grass Grass Grass Grass Grass Grass Grass Grass Grass Grass Grass Grass Dirt Dirt Dirt Dirt Grass Grass Road CleanRoad CleanRoad CleanRoad^Woods CleanRoad CleanRoad Road Grass Grass Grass Grass Grass Grass Grass Grass 
Grass Grass Grass Grass Grass Grass Grass Grass Grass Grass Grass Grass Grass Grass Grass Grass Grass Grass Grass Road CleanRoad CleanRoad CleanRoad CleanRoad Road Grass Grass Grass Grass Grass Grass Grass Grass Grass 
Grass Grass Grass Grass Grass Grass Grass Grass Grass Grass Grass Grass Grass Grass Grass Grass Grass Grass Grass Grass Road Road Road Road Road Grass Grass Grass Grass Grass Grass Grass Grass Grass 
Grass Grass Grass Grass Grass Grass Grass Grass Grass Grass Grass Grass Grass Grass Grass Grass Grass Grass Grass Grass Grass Grass Road Grass Grass Grass Grass Grass Grass Grass Grass Grass Grass Grass 
Grass Grass Grass Grass Grass Grass Grass Grass Grass Grass Grass Grass Grass Grass Grass Grass Grass Grass Grass Grass Grass Grass Grass Grass Grass Grass Grass Grass Grass Grass Grass Grass Grass Grass 
Grass Grass Grass Grass Grass Grass Grass Grass Grass Grass Grass Grass Grass Grass Grass Grass Grass Grass Grass Grass Grass Grass Grass Grass Grass Grass Grass Grass Grass Grass Grass Grass Grass Grass 
Grass Grass Grass Grass Grass Grass Grass Grass Grass Grass Grass Grass Grass Grass Grass Grass Grass Grass Grass Grass Grass Grass Grass Grass Grass Grass Grass Grass Grass Grass Grass Grass Grass Grass 
Grass Grass Grass Grass Grass Grass Grass Grass Grass Grass Grass Grass Grass Grass Grass Grass Grass Grass Grass Grass Grass Grass Grass Grass Grass Grass Grass Grass Grass Grass Grass Grass Grass Grass 
