34 30
Grass Grass Grass Grass Grass Grass Grass Grass Grass Grass Grass Grass Grass Grass Grass Grass Grass Grass Grass Grass Grass Grass Grass Grass Grass Grass Grass Grass Grass Grass Grass Grass Grass Grass 
Grass Grass Grass Grass Grass Grass Grass Grass Grass Grass Grass Grass Grass Grass Grass Grass Grass Grass Grass Grass Grass Grass Grass Grass Grass Grass Grass Grass Grass Grass Grass Grass Grass Grass 
Grass Grass Grass Grass Grass Grass Grass Grass Grass Grass Grass Grass Grass Grass Grass Grass Grass Grass Grass Grass Grass Grass Grass Grass Grass Grass Grass Grass Grass Grass Grass Grass Grass Grass 
Grass Grass Grass Grass Grass Grass Grass Grass Grass Grass Grass Grass Grass Grass Grass Grass Grass Grass Grass Grass Grass Grass Grass Grass Grass Grass Grass Grass Grass Grass Grass Grass Grass Grass 
Grass Grass Grass Grass Grass Grass Grass Grass Grass Grass Grass Grass Grass Grass Grass Grass Grass Grass Grass Grass Grass Grass Grass Grass Grass Grass Grass Grass Grass Grass Grass Grass Grass Grass 
Grass Grass Grass Grass Grass Grass Grass Grass Grass Grass Grass Grass Grass Grass Grass Grass Grass Grass Grass Grass Grass Grass Grass Grass Grass Grass Grass Grass Grass Grass Grass Grass Grass Grass 
Grass Grass Grass Grass Grass Grass Grass Grass Grass Grass Grass Grass Grass Grass Grass Grass Grass Grass Grass Grass Grass Grass Grass Grass Grass Grass Grass Grass Grass Grass Grass Grass Grass Grass 
Grass Grass Grass Grass Grass Grass Grass Grass Grass Grass Grass Grass Grass Grass Grass Grass Grass Grass Grass Grass Grass Grass Grass Grass Grass Grass Grass Grass Grass Grass Grass Grass Grass Grass 
Grass Grass Grass Grass Grass Grass Grass Grass Grass Grass Grass Grass Grass Grass Grass Grass Grass Grass Grass Grass Grass Grass Grass Grass Grass Grass Grass Grass Grass Grass Grass Grass Grass Grass 
Grass Grass Grass Grass Grass Grass Grass Grass Grass Grass Grass Grass Grass Grass Grass Grass Grass Grass Grass Grass Grass Grass Grass Grass Grass Grass Grass Grass Grass Grass Grass Grass Grass Grass 
Grass Grass Grass Grass Grass Grass Grass Grass Grass Grass Grass Grass Grass Grass Grass Grass Grass Grass Grass Grass Grass Grass Grass Grass Grass Grass Grass Grass Grass Grass Grass Grass Grass Grass 
Grass Grass Grass Grass Grass Grass Grass Grass Grass Grass Grass Grass Grass Grass Grass Grass Grass Grass Grass Grass Grass Grass Grass Grass Grass Grass Grass Grass Grass Grass Grass Grass Grass Grass 
Grass Grass Grass Grass Grass Grass Grass Grass Grass Grass Grass Grass Grass Grass Grass Grass Grass Grass Grass Grass Grass Grass Grass Grass Grass Grass Grass Grass Grass Grass Grass Grass Grass Grass 
Grass Grass Grass Grass Grass Grass Grass Grass Grass Grass Grass Grass Grass Grass Grass Grass Grass Grass Grass Grass Grass Grass Grass Grass Grass Grass Grass Grass Grass Grass Grass Grass Grass Grass 
Grass Grass Grass Grass Grass Grass Grass Grass Grass Grass Grass Grass Grass Grass Grass Grass Grass Grass Grass Grass Grass Grass Grass Grass Grass Grass Grass Grass Grass Grass Grass Grass Grass Grass 
Grass Grass Grass Grass Grass Grass Grass Grass Grass Grass Grass Grass Grass Grass Grass Grass Grass Grass Grass Grass Grass Grass Grass Grass Grass Grass Grass Grass Grass Grass Grass Grass Grass Grass 
Grass Grass Grass Grass Grass Grass Grass Grass Grass Grass Grass Grass Grass Grass Grass Grass Grass Grass Grass Grass Grass Mud Mud Mud Grass Mud Grass Grass Grass Grass Grass Grass Grass Grass 
Grass Grass Grass Grass Grass Grass Grass Grass Grass Grass Grass Grass Grass Grass Grass Grass Grass Grass Grass Mud Mud Swamp^Reed Swamp Swamp^Reed Mud Mud Grass Grass Grass Grass Grass Grass Grass Grass 
Grass Grass Grass Grass Grass Grass Grass Grass Grass Grass Grass Grass Grass Grass Grass Dirt Grass Grass Grass Grass Mud Swamp^Reed Swamp Swamp^Reed Swamp Grass Grass Grass Grass Grass Grass Grass Grass Grass 
Grass Grass Grass Grass Grass Grass Grass Grass Grass Grass Grass Grass Grass Grass Dirt Dirt Dirt Dirt Grass Dirt Grass Grass Swamp^Reed Grass Grass Grass Grass Grass Grass Grass Grass Grass Grass Grass 
Grass Grass Grass Grass Grass Grass Grass Grass Grass Grass Grass Grass Grass Dirt Dirt Dirt Dirt Dirt Dirt Dirt Dirt Grass Grass Grass Grass Grass Grass Grass Grass Grass Grass Grass Grass Grass 
Grass Grass Grass Grass Grass Grass Grass Grass Grass Grass Grass Grass Dirt Dirt Dirt Dirt Dirt Grass Grass Grass Grass CleanRoad CleanRoad CleanRoad Grass Grass Grass Grass Grass Grass Grass Grass Grass Grass 
Grass Grass Grass Grass Grass Grass Grass Grass Grass Grass Grass Grass Grass Dirt Dirt Dirt Dirt Grass Grass Grass CleanRoad CleanRoad CleanRoad^Woods CleanRoad CleanRoad Grass Grass Grass Grass Grass Grass Grass Grass Grass 
Grass Grass Grass Grass Grass Grass Grass Grass Grass Grass Grass Grass Grass Grass Grass Grass Grass Grass Grass Grass CleanRoad CleanRoad CleanRoad CleanRoad Grass Grass Grass Grass Grass Grass Grass Grass Grass Grass 
Grass Grass Grass Grass Grass Grass Grass Grass Grass Grass Grass Grass Grass Grass Grass Grass Grass Grass Grass Grass Grass Grass CleanRoad Grass Grass Grass Grass Grass Grass Grass Grass Grass Grass Grass 
Grass Grass Grass Grass Grass Grass Grass Grass Grass Grass Grass Grass Grass Grass Grass Grass Grass Grass Grass Grass Grass Grass Grass Grass Grass Grass Grass Grass Grass Grass Grass Grass Grass Grass 
Grass Grass Grass Grass Grass Grass Grass Grass Grass Grass Grass Grass Grass Grass Grass Grass Grass Grass Grass Grass Grass Grass Grass Grass Grass Grass Grass Grass Grass Grass Grass Grass Grass Grass 
Grass Grass Grass Grass Grass Grass Grass Grass Grass Grass Grass Grass Grass Grass Grass Grass Grass Grass Grass Grass Grass Grass Grass Grass Grass Grass Grass Grass Grass Grass Grass Grass Grass Grass 
Grass Grass Grass Grass Grass Grass Grass Grass Grass Grass Grass Grass Grass Grass Grass Grass Grass Grass Grass Grass Grass Grass Grass Grass Grass Grass Grass Grass Grass Grass Grass Grass Grass Grass 
Grass Grass Grass Grass Grass Grass Grass Grass Grass Grass Grass Grass Grass Grass Grass Grass Grass Grass Grass Grass Grass Grass Grass Grass Grass Grass Grass Grass Grass Grass Grass Grass Grass Grass 
