34 20
Grass^Woods Grass^Woods Grass^Woods Grass^Woods Grass^Woods Grass^Woods Grass^Woods Grass^Woods Grass^Woods Road Road Grass Grass Grass Grass Grass Grass Grass SemiDryGrass SemiDryGrass SemiDryGrass SemiDryGrass SemiDryGrass SemiDryGrass SemiDryGrass SemiDryGrass SemiDryGrass SemiDryGrass SemiDryGrass Grass Grass Grass^Woods Grass^Woods Grass^Woods 
Grass^Woods Grass^Woods Grass^Woods Grass Grass Grass Grass DryGrass Grass Road Road^Village Grass Grass^Woods Grass^Woods Grass Grass^Woods Grass^Woods Grass^Woods Grass SemiDryGrass SemiDryGrass DryGrass^Village SemiDryGrass^Windmill SemiDryGrass SemiDryGrass SemiDryGrass SemiDryGrass SemiDryGrass SemiDryGrass Grass Grass^Woods Grass^Woods Grass^Woods Grass^Woods 
Grass^Woods Grass^Woods Grass Grass Grass DryGrass DryGrass Road Road Road Road Grass Grass^Woods Grass^Woods Grass^Woods Grass^Woods Grass^Woods Grass^Woods Grass^Woods DryGrass DryGrass DryGrass DryGrass DryGrass SemiDryGrass SemiDryGrass^Village SemiDryGrass^Windmill SemiDryGrass SemiDryGrass Grass Grass^Woods Grass^Woods Grass^Woods Grass^Woods 
Grass^Woods Grass^Woods Grass Grass DryGrass Road Road Road Road DryGrass DryGrass DryGrass DryGrass DryGrass Grass^Woods DryGrass DryGrass DryGrass DryGrass DryGrass DryGrass Grass^Woods DryGrass DryGrass SemiDryGrass SemiDryGrass SemiDryGrass SemiDryGrass SemiDryGrass Grass Grass Grass^Woods Grass^Woods Grass^Woods 
Grass^Woods Grass^Woods Grass^Woods Grass DryGrass^Windmill Road Road DryGrass DryGrass SemiDryGrass SemiDryGrass SemiDryGrass SemiDryGrass DryGrass DryGrass DryGrass DryGrass Grass DryGrass Grass^Woods Grass^Woods Grass^Woods DryGrass DryGrass DryGrass Grass Grass Grass SemiDryGrass Grass Grass Grass Grass^Woods Grass^Woods 
Grass^Woods Grass^Woods Grass^Woods Grass^Woods Grass Road Road Grass SemiDryGrass^Village SemiDryGrass^Windmill SemiDryGrass Grass SemiDryGrass Grass DryGrass Grass Grass Grass^Woods Grass^Woods Grass^Woods Grass^Woods Road Road DryGrass DryGrass Grass^Woods Grass Grass Grass Grass Grass Grass Grass^Woods Grass^Woods 
Grass^Woods Grass^Woods Grass^Woods Grass^Woods Road Road Road Grass Grass Grass Grass Grass Grass Grass Grass^Village Grass^Windmill Grass Grass Grass^Woods Grass Grass Road Road DryGrass DryGrass Grass^Woods Grass^Woods Grass^Woods Grass Grass Grass Grass Grass^Woods Grass^Woods 
Grass^Woods Grass^Woods Grass^Woods Grass^Woods Grass^Woods Grass Grass Grass Grass Grass Grass Grass Grass Grass Grass Grass Grass Grass Grass Water Grass Water Road Water DryGrass Grass^Woods Grass^Woods Grass^Woods Grass^Woods Water Grass Water Grass Grass^Woods 
Grass^Woods Grass^Woods Grass^Woods Grass^Woods Grass^Woods Water Grass Water Grass Water Water Water Water Water Water Water Water Water Water Water Water Water Water Water Water Water Water Water Water Water Water Water Water Water 
Grass^Woods Grass^Woods Grass^Woods Water Water Water Water Water Water Water Water Water Water Water Water Water Water Water Water Water Water Water Water Water Water Water Water Water Water Water Water Water Water Water 
Grass^Woods Water Water Water Water Water Water Water Water Water Water Water Water Water Water Water Water Water Water Water Water Water Water Water Water Water Water Water Water Water Water Water Water Water 
Water Water Water Water Water Water Water Swamp^Reed Water SemiDryGrass Water Water Water SemiDryGrass SemiDryGrass SemiDryGrass SemiDryGrass SemiDryGrass SemiDryGrass SemiDryGrass DryGrass DryGrass SemiDryGrass SemiDryGrass Water SemiDryGrass Water Water Water Water Water Grass Water Grass 
Water Water Water Water Water Swamp Swamp^Reed Swamp^Reed Mud SemiDryGrass SemiDryGrass SemiDryGrass SemiDryGrass SemiDryGrass SemiDryGrass SemiDryGrass SemiDryGrass SemiDryGrass^Woods SemiDryGrass SemiDryGrass DryGrass DryGrass SemiDryGrass SemiDryGrass SemiDryGrass SemiDryGrass SemiDryGrass SemiDryGrass SemiDryGrass SemiDryGrass SemiDryGrass Grass Grass Grass 
Water Water Water Swamp Swamp Swamp^Reed Swamp Mud Mud SemiDryGrass SemiDryGrass^Woods SemiDryGrass SemiDryGrass^Woods SemiDryGrass SemiDryGrass^Woods SemiDryGrass SemiDryGrass SemiDryGrass SemiDryGrass DryGrass DryGrass DryGrass SemiDryGrass SemiDryGrass SemiDryGrass SemiDryGrass SemiDryGrass SemiDryGrass SemiDryGrass SemiDryGrass SemiDryGrass Grass^Woods Grass^Woods Grass^Woods 
Water Grass^Woods Grass^Woods Swamp^Reed Swamp^Reed Mud Mud DryGrass DryGrass DryGrass SemiDryGrass SemiDryGrass SemiDryGrass SemiDryGrass^Woods SemiDryGrass SemiDryGrass SemiDryGrass DryGrass DryGrass DryGrass DryGrass SemiDryGrass SemiDryGrass SemiDryGrass SemiDryGrass SemiDryGrass SemiDryGrass SemiDryGrass SemiDryGrass SemiDryGrass SemiDryGrass Grass^Woods Grass^Woods Grass^Woods 
Grass^Woods Grass^Woods Grass^Woods Grass^Woods Mud Grass Mud DryGrass DryGrass DryGrass DryGrass SemiDryGrass SemiDryGrass SemiDryGrass SemiDryGrass DryGrass DryGrass DryGrass DryGrass SemiDryGrass SemiDryGrass SemiDryGrass SemiDryGrass SemiDryGrass SemiDryGrass SemiDryGrass SemiDryGrass Grass^Woods Grass^Woods Grass^Woods Grass^Woods Grass^Woods Grass^Woods Grass^Woods 
Grass^Woods Grass^Woods Grass^Woods Grass^Woods Grass^Woods Grass Grass Grass DryGrass DryGrass DryGrass DryGrass DryGrass DryGrass DryGrass DryGrass DryGrass DryGrass SemiDryGrass SemiDryGrass SemiDryGrass SemiDryGrass SemiDryGrass SemiDryGrass SemiDryGrass SemiDryGrass Grass^Woods Grass^Woods Grass^Woods Grass^Woods Grass^Woods Grass^Woods Grass^Woods Grass^Woods 
Grass^Woods Grass^Woods Grass^Woods Grass^Woods Grass^Woods Grass^Woods Grass Grass^Woods Grass Grass DryGrass Grass DryGrass Grass DryGrass Grass DryGrass DryGrass SemiDryGrass SemiDryGrass SemiDryGrass SemiDryGrass SemiDryGrass SemiDryGrass SemiDryGrass Grass^Woods Grass^Woods Grass^Woods Grass^Woods Grass^Woods Grass^Woods Grass^Woods Grass^Woods Grass^Woods 
Grass^Woods Grass^Woods Grass^Woods Grass^Woods Grass^Woods Grass^Woods Grass^Woods Grass^Woods Grass^Woods Grass^Woods Grass Grass Grass Grass Grass Grass DryGrass DryGrass SemiDryGrass SemiDryGrass SemiDryGrass Grass^Woods SemiDryGrass Grass^Woods Grass^Woods Grass^Woods Grass^Woods Grass^Woods Grass^Woods Grass^Woods Grass^Woods Grass^Woods Grass^Woods Grass^Woods 
Grass^Woods Grass^Woods Grass^Woods Grass^Woods Grass^Woods Grass^Woods Grass^Woods Grass^Woods Grass^Woods Grass^Woods Grass^Woods Grass^Woods Grass^Woods Grass^Woods Grass Grass DryGrass DryGrass SemiDryGrass SemiDryGrass SemiDryGrass Grass^Woods Grass^Woods Grass^Woods Grass^Woods Grass^Woods Grass^Woods Grass Grass^Woods Grass^Woods Grass^Woods Grass^Woods Grass^Woods Grass^Woods 
